BL51 BANKED LINKER/LOCATER V6.22                                                        05/04/2017  09:35:52  PAGE 1


BL51 BANKED LINKER/LOCATER V6.22, INVOKED BY:
F:\KEIL\KEIL5\C51\BIN\BL51.EXE .\Objects\STARTUP.obj, .\Objects\Test.obj TO .\Objects\Test PRINT (.\Listings\Test.m51) R
>> AMSIZE (256)


MEMORY MODEL: SMALL


INPUT MODULES INCLUDED:
  .\Objects\STARTUP.obj (?C_STARTUP)
  .\Objects\Test.obj (TEST)


LINK MAP OF MODULE:  .\Objects\Test (?C_STARTUP)


            TYPE    BASE      LENGTH    RELOCATION   SEGMENT NAME
            -----------------------------------------------------

            * * * * * * *   D A T A   M E M O R Y   * * * * * * *
            REG     0000H     0008H     ABSOLUTE     "REG BANK 0"
            DATA    0008H     0005H     UNIT         ?DT?TEST
            IDATA   000DH     0001H     UNIT         ?STACK

            * * * * * * *   C O D E   M E M O R Y   * * * * * * *
            CODE    0000H     0003H     ABSOLUTE     
                    0003H     0008H                  *** GAP ***
            CODE    000BH     0003H     ABSOLUTE     
            CODE    000EH     0044H     UNIT         ?PR?_DISPLAY?TEST
            CODE    0052H     003FH     UNIT         ?PR?MAIN?TEST
            CODE    0091H     0024H     UNIT         ?PR?_DELAY?TEST
            CODE    00B5H     0017H     UNIT         ?PR?INIT?TEST
            CODE    00CCH     0010H     UNIT         ?CO?TEST
            CODE    00DCH     000CH     UNIT         ?C_C51STARTUP
            CODE    00E8H     0009H     UNIT         ?PR?TIMER0?TEST



OVERLAY MAP OF MODULE:   .\Objects\Test (?C_STARTUP)


SEGMENT
  +--> CALLED SEGMENT
---------------------
?C_C51STARTUP
  +--> ?PR?MAIN?TEST

?PR?MAIN?TEST
  +--> ?PR?INIT?TEST
  +--> ?PR?_DISPLAY?TEST

?PR?_DISPLAY?TEST
  +--> ?CO?TEST
  +--> ?PR?_DELAY?TEST



SYMBOL TABLE OF MODULE:  .\Objects\Test (?C_STARTUP)
BL51 BANKED LINKER/LOCATER V6.22                                                      05/04/2017  09:35:52  PAGE 2



  VALUE           TYPE          NAME
  ----------------------------------

  -------         MODULE        ?C_STARTUP
  C:00DCH         SEGMENT       ?C_C51STARTUP
  I:000DH         SEGMENT       ?STACK
  C:0000H         PUBLIC        ?C_STARTUP
  D:00E0H         SYMBOL        ACC
  D:00F0H         SYMBOL        B
  D:0083H         SYMBOL        DPH
  D:0082H         SYMBOL        DPL
  N:0000H         SYMBOL        IBPSTACK
  N:0100H         SYMBOL        IBPSTACKTOP
  N:0080H         SYMBOL        IDATALEN
  C:00DFH         SYMBOL        IDATALOOP
  N:0000H         SYMBOL        PBPSTACK
  N:0100H         SYMBOL        PBPSTACKTOP
  N:0000H         SYMBOL        PDATALEN
  N:0000H         SYMBOL        PDATASTART
  N:0000H         SYMBOL        PPAGE
  N:0000H         SYMBOL        PPAGEENABLE
  D:00A0H         SYMBOL        PPAGE_SFR
  D:0081H         SYMBOL        SP
  C:00DCH         SYMBOL        STARTUP1
  N:0000H         SYMBOL        XBPSTACK
  N:0000H         SYMBOL        XBPSTACKTOP
  N:0000H         SYMBOL        XDATALEN
  N:0000H         SYMBOL        XDATASTART
  C:0000H         LINE#         126
  C:00DCH         LINE#         133
  C:00DEH         LINE#         134
  C:00DFH         LINE#         135
  C:00E0H         LINE#         136
  C:00E2H         LINE#         185
  C:00E5H         LINE#         196
  -------         ENDMOD        ?C_STARTUP

  -------         MODULE        TEST
  C:0000H         SYMBOL        _ICE_DUMMY_
  D:0080H         PUBLIC        P0
  D:0090H         PUBLIC        P1
  D:00A0H         PUBLIC        P2
  D:00B0H         PUBLIC        P3
  B:00A8H.7       PUBLIC        EA
  C:00CCH         PUBLIC        table
  D:00A8H         PUBLIC        IE
  C:0097H         PUBLIC        _delay
  D:00B8H         PUBLIC        IP
  C:0052H         PUBLIC        main
  B:00A0H.6       PUBLIC        dula
  B:00A0H.7       PUBLIC        wela
  D:0008H         PUBLIC        bai
  D:0098H         PUBLIC        SCON
  D:0089H         PUBLIC        TMOD
  D:0088H         PUBLIC        TCON
  C:00B5H         PUBLIC        init
BL51 BANKED LINKER/LOCATER V6.22                                                      05/04/2017  09:35:52  PAGE 3


  D:0009H         PUBLIC        temp
  D:000AH         PUBLIC        aa
  D:000BH         PUBLIC        shi
  B:00A8H.1       PUBLIC        ET0
  D:000CH         PUBLIC        ge
  D:008CH         PUBLIC        TH0
  D:008AH         PUBLIC        TL0
  C:00E8H         PUBLIC        timer0
  B:0088H.4       PUBLIC        TR0
  D:00C8H         PUBLIC        T2CON
  C:000EH         PUBLIC        _display
  D:00D0H         PUBLIC        PSW
  -------         PROC          MAIN
  C:0052H         LINE#         15
  C:0052H         LINE#         16
  C:0052H         LINE#         17
  C:0055H         LINE#         18
  C:0055H         LINE#         19
  C:0055H         LINE#         20
  C:005AH         LINE#         21
  C:005AH         LINE#         22
  C:005DH         LINE#         23
  C:005FH         LINE#         24
  C:0064H         LINE#         25
  C:0064H         LINE#         26
  C:0067H         LINE#         27
  C:0067H         LINE#         28
  C:006FH         LINE#         29
  C:007DH         LINE#         30
  C:0086H         LINE#         31
  C:0086H         LINE#         32
  C:008FH         LINE#         33
  -------         ENDPROC       MAIN
  -------         PROC          L?0018
  -------         ENDPROC       L?0018
  -------         PROC          _DELAY
  D:0006H         SYMBOL        z
  -------         DO            
  D:0006H         SYMBOL        x
  D:0004H         SYMBOL        y
  -------         ENDDO         
  C:0097H         LINE#         36
  C:0097H         LINE#         37
  C:0097H         LINE#         39
  C:00A0H         LINE#         40
  C:00B4H         LINE#         41
  -------         ENDPROC       _DELAY
  -------         PROC          _DISPLAY
  D:0007H         SYMBOL        bai
  D:0002H         SYMBOL        shi
  D:0003H         SYMBOL        ge
  C:000EH         LINE#         43
  C:0010H         LINE#         44
  C:0010H         LINE#         45
  C:0012H         LINE#         46
  C:0019H         LINE#         47
  C:001BH         LINE#         48
BL51 BANKED LINKER/LOCATER V6.22                                                      05/04/2017  09:35:52  PAGE 4


  C:001EH         LINE#         49
  C:0020H         LINE#         50
  C:0023H         LINE#         51
  C:0023H         LINE#         52
  C:0026H         LINE#         54
  C:0028H         LINE#         55
  C:002CH         LINE#         56
  C:002EH         LINE#         57
  C:0031H         LINE#         58
  C:0033H         LINE#         59
  C:0036H         LINE#         60
  C:0036H         LINE#         61
  C:0039H         LINE#         63
  C:003BH         LINE#         64
  C:003FH         LINE#         65
  C:0041H         LINE#         66
  C:0044H         LINE#         67
  C:0046H         LINE#         68
  C:0049H         LINE#         69
  C:004BH         LINE#         70
  -------         ENDPROC       _DISPLAY
  -------         PROC          INIT
  C:00B5H         LINE#         73
  C:00B5H         LINE#         74
  C:00B5H         LINE#         75
  C:00B7H         LINE#         76
  C:00B9H         LINE#         77
  C:00BCH         LINE#         78
  C:00BFH         LINE#         79
  C:00C2H         LINE#         80
  C:00C5H         LINE#         81
  C:00C7H         LINE#         82
  C:00C9H         LINE#         83
  C:00CBH         LINE#         84
  -------         ENDPROC       INIT
  -------         PROC          TIMER0
  C:00E8H         LINE#         86
  C:00E8H         LINE#         88
  C:00EBH         LINE#         89
  C:00EEH         LINE#         90
  C:00F0H         LINE#         91
  -------         ENDPROC       TIMER0
  -------         ENDMOD        TEST

Program Size: data=14.0 xdata=0 code=233
LINK/LOCATE RUN COMPLETE.  0 WARNING(S),  0 ERROR(S)
