C51 COMPILER V7.06   24                                                                    07/25/2016 17:53:14 PAGE 1   


C51 COMPILER V7.06, COMPILATION OF MODULE 24
OBJECT MODULE PLACED IN 24.OBJ
COMPILER INVOKED BY: D:\Keil\C51\BIN\C51.EXE 24.C BROWSE DEBUG OBJECTEXTEND

stmt level    source

   1          //花样流水灯
   2          #include<reg52.h>
   3          #define uchar unsigned char
   4          #define uint unsigned int
   5          
   6          uchar code tab1[] = {0xfc,0xf9,0xf3,0xe7,0xcf,0x9f,0x3f,0x7f,0xff};
   7          
   8          
   9          void delay(uint x)
  10          {
  11   1              uchar i;
  12   1              while(x--)
  13   1              {
  14   2                      for(i=0;i<120;i++);
  15   2              }
  16   1      }
  17          
  18          void main()
  19          {
  20   1              uchar i;
  21   1              while(1)
  22   1              {
  23   2                      for(i=0;i<9;i++)
  24   2                      {
  25   3                              P1=tab1[i];
  26   3                              delay(100);
  27   3      
  28   3                      }       
  29   2              }
  30   1      }
  31          


MODULE INFORMATION:   STATIC OVERLAYABLE
   CODE SIZE        =     44    ----
   CONSTANT SIZE    =      9    ----
   XDATA SIZE       =   ----    ----
   PDATA SIZE       =   ----    ----
   DATA SIZE        =   ----    ----
   IDATA SIZE       =   ----    ----
   BIT SIZE         =   ----    ----
END OF MODULE INFORMATION.


C51 COMPILATION COMPLETE.  0 WARNING(S),  0 ERROR(S)
