C51 COMPILER V7.06   39                                                                    07/26/2016 12:03:48 PAGE 1   


C51 COMPILER V7.06, COMPILATION OF MODULE 39
OBJECT MODULE PLACED IN 39.OBJ
COMPILER INVOKED BY: D:\Keil\C51\BIN\C51.EXE 39.C BROWSE DEBUG OBJECTEXTEND

stmt level    source

   1          //采用定时中断控制不同的按键实现LED流水灯状态切换
   2          #include<reg52.h>
   3          sbit S1 = P3^4;
   4          sbit S2 = P3^5;
   5          sbit S3 = P3^6;
   6          sbit S4 = P3^7;
   7          unsigned char key;
   8          void ys()
   9          {
  10   1              unsigned char i,j;
  11   1              for(i=0;i<250;i++)
  12   1              for(j=0;j<250;j++)
  13   1                      ;
  14   1      }
  15          
  16          void ys30ms()
  17          {
  18   1              unsigned char i,j;
  19   1              for(i=0;i<100;i++)
  20   1              for(j=0;j<100;j++)
  21   1                      ;
  22   1      }
  23          
  24          void zxled()
  25          {
  26   1              P1 = 0xfe;
  27   1              ys();
  28   1              P1 = 0xfd;
  29   1              ys();
  30   1              P1 = 0xfb;
  31   1              ys();
  32   1              P1 = 0xf7;
  33   1              ys();
  34   1              P1 = 0xef;
  35   1              ys();
  36   1              P1 = 0xdf;
  37   1              ys();
  38   1              P1 = 0xbf;
  39   1              ys();
  40   1              P1 = 0x7f;
  41   1              ys();
  42   1              P1 = 0xff;
  43   1              P1 = 0xfe;
  44   1              ys();
  45   1      }
  46          
  47          void fxled()
  48          {
  49   1              P1 = 0x7f;
  50   1              ys();
  51   1              P1 = 0xbf;
  52   1              ys();
  53   1              P1 = 0xdf;
  54   1              ys();
  55   1              P1 = 0xef;
C51 COMPILER V7.06   39                                                                    07/26/2016 12:03:48 PAGE 2   

  56   1              ys();
  57   1              P1 = 0xf7;
  58   1              ys();
  59   1              P1 = 0xfb;
  60   1              ys();
  61   1              P1 = 0xfd;
  62   1              ys();
  63   1              P1 = 0xfe;
  64   1              ys();
  65   1      }
  66          
  67          void stop()
  68          {
  69   1              P1 = 0xff;
  70   1      }
  71          
  72          void ssled()
  73          {
  74   1              P1 = 0xff;
  75   1              ys();
  76   1              P1 = 0x00;
  77   1              ys();
  78   1              P1 = 0xff;
  79   1              ys();
  80   1              P1 = 0x00;
  81   1              ys();
  82   1              P1 = 0xff;
  83   1              ys();
  84   1              P1 = 0x00;
  85   1              ys();
  86   1              P1 = 0xff;
  87   1              ys();
  88   1              P1 = 0x00;
  89   1              ys();
  90   1              P1 = 0xff;
  91   1              ys();
  92   1              P1 = 0x00;
  93   1              ys();
  94   1      }
  95          
  96          
  97          
  98          void main()
  99          {
 100   1              EA = 1;
 101   1              ET0 = 1;
 102   1              TR0 = 1;
 103   1              TMOD = 0X01;
 104   1              TH0 = (65536-1000)/256;
 105   1              TL0 = (65536-1000)%256;
 106   1              key = 0;
 107   1              while(1)
 108   1              {
 109   2                      switch(key)
 110   2                      {
 111   3                              case 1 :zxled();break;
 112   3                              case 2 :fxled();break;
 113   3                              case 3 :stop();break;
 114   3                              case 4 :ssled();break;
 115   3                      }       
 116   2              }
 117   1      }
C51 COMPILER V7.06   39                                                                    07/26/2016 12:03:48 PAGE 3   

 118          
 119          void time0_serve() interrupt 1 using 1
 120          {
 121   1              if((P3&0xf0) != 0xf0)
 122   1              {       
 123   2                      ys30ms();
 124   2                      if(S1 == 0)
 125   2                      key = 1;
 126   2                      if(S2 == 0)
 127   2                      key = 2;
 128   2                      if(S3 == 0)
 129   2                      key = 3;
 130   2                      if(S4 == 0)
 131   2                      key = 4;
 132   2              }
 133   1              TH0 = (65536-1000)/256;
 134   1              TL0 = (65536-1000)%256;
 135   1      }


MODULE INFORMATION:   STATIC OVERLAYABLE
   CODE SIZE        =    281    ----
   CONSTANT SIZE    =   ----    ----
   XDATA SIZE       =   ----    ----
   PDATA SIZE       =   ----    ----
   DATA SIZE        =      1    ----
   IDATA SIZE       =   ----    ----
   BIT SIZE         =   ----    ----
END OF MODULE INFORMATION.


C51 COMPILATION COMPLETE.  0 WARNING(S),  0 ERROR(S)
