C51 COMPILER V6.12  1_10                                                                   09/30/2007 00:19:29 PAGE 1   


C51 COMPILER V6.12, COMPILATION OF MODULE 1_10
OBJECT MODULE PLACED IN .\1_10.OBJ
COMPILER INVOKED BY: C:\Keil\C51\BIN\C51.EXE .\1_10.c DEBUG OBJECTEXTEND

stmt level    source

   1          /*******************************************************************/
   2          /* TX-1C单片机实验板实验例程        							   */
   3          /* 2007年8月第二期培训班课后习题详解							   */
   4          /* 作者：郭天祥      											   */
   5          /* 邮箱：txmcu@163.com 										  	   */
   6          /* 网站：www.txmcu.com(天祥电子)    							   */
   7          /* 题目内容：用位操作点亮第一个发光管.  						   */
   8          /*【版权】Copyright(C)天祥电子 www.txmcu.com  All Rights Reserved  */
   9          /*【声明】此程序仅用于学习与参考，引用请注明版权和作者信息！       */
  10          /*                                                                 */
  11          /*******************************************************************/
  12                                                                     
  13          // 尝试写出流水灯程序(程序看不懂没关系，后面章节会有详细讲解)
  14          // 适用 TX-1C单片机实验板
  15          // 晶振为11.0592M
  16          
  17          /*********************************************************/
  18          #include<reg52.h>  //52单片机头文件
  19          
  20          void main()		   //主函数
  21          {
  22   1      	unsigned int i; //定义一个int型变量
  23   1      	while(1)
  24   1      	{
  25   2      		i=50000;    		//变量赋初值为50000
  26   2      		P1=0xfe;			//点亮第一个灯
  27   2      		while(i--);     	//延时
  28   2      		i=50000;    		//变量赋初值为50000
  29   2      		P1=0xfd;			//点亮第二个灯
  30   2      		while(i--);     	//延时
  31   2      		i=50000;    		//变量赋初值为50000
  32   2      		P1=0xfb;			//点亮第三个灯
  33   2      		while(i--);     	//延时
  34   2      		i=50000;    		//变量赋初值为50000
  35   2      		P1=0xf7;			//点亮第四个灯
  36   2      		while(i--);     	//延时
  37   2      		i=50000;    		//变量赋初值为50000
  38   2      		P1=0xef;			//点亮第五个灯
  39   2      		while(i--);     	//延时
  40   2      		i=50000;    		//变量赋初值为50000
  41   2      		P1=0xdf;			//点亮第六个灯
  42   2      		while(i--);     	//延时
  43   2      		i=50000;    		//变量赋初值为50000
  44   2      		P1=0xbf;			//点亮第七个灯
  45   2      		while(i--);     	//延时
  46   2      		i=50000;    		//变量赋初值为50000
  47   2      		P1=0x7f;			//点亮第八个灯
  48   2      		while(i--);     	//延时		
  49   2      	}  
  50   1      
  51   1      }


MODULE INFORMATION:   STATIC OVERLAYABLE
   CODE SIZE        =    141    ----
C51 COMPILER V6.12  1_10                                                                   09/30/2007 00:19:29 PAGE 2   

   CONSTANT SIZE    =   ----    ----
   XDATA SIZE       =   ----    ----
   PDATA SIZE       =   ----    ----
   DATA SIZE        =   ----    ----
   IDATA SIZE       =   ----    ----
   BIT SIZE         =   ----    ----
END OF MODULE INFORMATION.


C51 COMPILATION COMPLETE.  0 WARNING(S),  0 ERROR(S)
